I'm sorry, but errors were detected in your script. Please correct the
errors listed below, and try again.


File "game/script.rpy", line 684: Indentation mismatch.

Ren'Py Version: Ren'Py 8.0.3.22090809
Fri Feb 10 09:14:07 2023
